
> russian-learning-react@0.1.0 build
> vite build

[36mvite v5.4.21 [32mbuilding for production...[36m[39m
transforming...
/*! 🌼 daisyUI 5.7.42 */
[32m✓[39m 154 modules transformed.
rendering chunks...
node.exe : [1m[33m[plugin:vite:reporter][39m[22m [33m[plugin vite:reporter] 
所在位置 行:1 字符: 1
+ & "C:\Users\张宏飞\AppData\Local\Doubao\User Data\sandbox_runtime\bases\ ...
+ ~~~~~~~~~~~~~~~~~~~~~~~~~~~~~~~~~~~~~~~~~~~~~~~~~~~~~~~~~~~~~~~~~~~~~
    + CategoryInfo          : NotSpecified: ([1m[33m[plugi...vite:reporter] :String) [], RemoteException
    + FullyQualifiedErrorId : NativeCommandError
 
(!) C:/Users/张宏飞/Desktop/website_source/russian-learning-frontend-main/src/lib/persistence.js is dynamically imported b
y C:/Users/张宏飞/Desktop/website_source/russian-learning-frontend-main/src/pages/VideoStudy.jsx but also statically impor
ted by C:/Users/张宏飞/Desktop/website_source/russian-learning-frontend-main/src/lib/backup.js, C:/Users/张宏飞/Desktop/websi
te_source/russian-learning-frontend-main/src/store/adminStore.js, C:/Users/张宏飞/Desktop/website_source/russian-learning-
frontend-main/src/store/courseStore.js, C:/Users/张宏飞/Desktop/website_source/russian-learning-frontend-main/src/store/ga
meCourseStore.js, C:/Users/张宏飞/Desktop/website_source/russian-learning-frontend-main/src/store/gameVideoStore.js, C:/Us
ers/张宏飞/Desktop/website_source/russian-learning-frontend-main/src/store/settingsStore.js, C:/Users/张宏飞/Desktop/website_
source/russian-learning-frontend-main/src/store/shangStore.js, C:/Users/张宏飞/Desktop/website_source/russian-learning-fro
ntend-main/src/store/squareStore.js, C:/Users/张宏飞/Desktop/website_source/russian-learning-frontend-main/src/store/vocab
Store.js, dynamic import will not move module into another chunk.
[39m
[1m[33m[plugin:vite:reporter][39m[22m [33m[plugin vite:reporter] 
(!) C:/Users/张宏飞/Desktop/website_source/russian-learning-frontend-main/src/store/gameVideoStore.js is dynamically impor
ted by C:/Users/张宏飞/Desktop/website_source/russian-learning-frontend-main/src/pages/VideoStudy.jsx but also statically 
imported by C:/Users/张宏飞/Desktop/website_source/russian-learning-frontend-main/src/components/ContributeModal.jsx, C:/U
sers/张宏飞/Desktop/website_source/russian-learning-frontend-main/src/components/CourseContributeModal.jsx, C:/Users/张宏飞/D
esktop/website_source/russian-learning-frontend-main/src/pages/GameStore.jsx, C:/Users/张宏飞/Desktop/website_source/russi
an-learning-frontend-main/src/pages/VideoStudy.jsx, dynamic import will not move module into another chunk.
[39m
[1m[33m[plugin:vite:reporter][39m[22m [33m[plugin vite:reporter] 
(!) C:/Users/张宏飞/Desktop/website_source/russian-learning-frontend-main/src/lib/md.js is dynamically imported by C:/User
s/张宏飞/Desktop/website_source/russian-learning-frontend-main/src/pages/VideoStudy.jsx but also statically imported by C:
/Users/张宏飞/Desktop/website_source/russian-learning-frontend-main/src/components/AITutor.jsx, C:/Users/张宏飞/Desktop/websi
te_source/russian-learning-frontend-main/src/pages/Dictionary.jsx, C:/Users/张宏飞/Desktop/website_source/russian-learning
-frontend-main/src/pages/Study.jsx, dynamic import will not move module into another chunk.
[39m
computing gzip size...
[2mdist/[22m[32mindex.html                 [39m[1m[2m  3.73 kB[22m[1m[22m[2m │ gzip:   1.84 kB[22m
[2mdist/[22m[35massets/index-AuyFeKv7.css  [39m[1m[2m315.94 kB[22m[1m[22m[2m │ gzip:  49.89 kB[22m
[2mdist/[22m[36massets/srt-Dbedg2cK.js     [39m[1m[2m  4.10 kB[22m[1m[22m[2m │ gzip:   1.96 kB[22m
[2mdist/[22m[36massets/index-hJlDXMJN.js   [39m[1m[33m841.93 kB[39m[22m[2m │ gzip: 265.66 kB[22m
[33m
(!) Some chunks are larger than 500 kB after minification. Consider:
- Using dynamic import() to code-split the application
- Use build.rollupOptions.output.manualChunks to improve chunking: https://rollupjs.org/configuration-options/#output-m
anualchunks
- Adjust chunk size limit for this warning via build.chunkSizeWarningLimit.[39m
[32m✓ built in 12.11s[39m
